Flow report for zi
Thu May 08 16:41:56 2008
Version 6.0 Build 178 04/27/2006 SJ Full Version


---------------------
; Table of Contents ;
---------------------
  1. Legal Notice
  2. Flow Summary
  3. Flow Settings
  4. Flow Non-Default Global Settings
  5. Flow Elapsed Time
  6. Flow Log



----------------
; Legal Notice ;
----------------
Copyright (C) 1991-2006 Altera Corporation
Your use of Altera Corporation's design tools, logic functions 
and other software and tools, and its AMPP partner logic 
functions, and any output files any of the foregoing 
(including device programming or simulation files), and any 
associated documentation or information are expressly subject 
to the terms and conditions of the Altera Program License 
Subscription Agreement, Altera MegaCore Function License 
Agreement, or other applicable license agreement, including, 
without limitation, that your use is for the sole purpose of 
programming logic devices manufactured by Altera and sold by 
Altera or its authorized distributors.  Please refer to the 
applicable agreement for further details.



+--------------------------------------------------------------------+
; Flow Summary                                                       ;
+-------------------------+------------------------------------------+
; Flow Status             ; Successful - Thu May 08 16:41:56 2008    ;
; Quartus II Version      ; 6.0 Build 178 04/27/2006 SJ Full Version ;
; Revision Name           ; zi                                       ;
; Top-level Entity Name   ; zi                                       ;
; Family                  ; ACEX1K                                   ;
; Device                  ; EP1K30QC208-3                            ;
; Timing Models           ; Final                                    ;
; Met timing requirements ; No                                       ;
; Total logic elements    ; 932 / 1,728 ( 54 % )                     ;
; Total pins              ; 36 / 147 ( 24 % )                        ;
; Total memory bits       ; 0 / 24,576 ( 0 % )                       ;
; Total PLLs              ; 0                                        ;
+-------------------------+------------------------------------------+


+-----------------------------------------+
; Flow Settings                           ;
+-------------------+---------------------+
; Option            ; Setting             ;
+-------------------+---------------------+
; Start date & time ; 05/08/2008 16:41:04 ;
; Main task         ; Compilation         ;
; Revision Name     ; zi                  ;
+-------------------+---------------------+


+------------------------------------------------------------------------------------------------------------------------+
; Flow Non-Default Global Settings                                                                                       ;
+--------------------------------------------+----------------------+---------------+-------------+----------------------+
; Assignment Name                            ; Value                ; Default Value ; Entity Name ; Section Id           ;
+--------------------------------------------+----------------------+---------------+-------------+----------------------+
; EDA_DESIGN_ENTRY_SYNTHESIS_TOOL            ; Design Compiler      ; <None>        ; --          ; --                   ;
; EDA_INCLUDE_VHDL_CONFIGURATION_DECLARATION ; On                   ; --            ; --          ; eda_timing_analysis  ;
; EDA_INPUT_VCC_NAME                         ; Vdd                  ; --            ; --          ; eda_design_synthesis ;
; EDA_LMF_FILE                               ; altsyn.lmf           ; --            ; --          ; eda_design_synthesis ;
; EDA_OUTPUT_DATA_FORMAT                     ; Verilog              ; --            ; --          ; eda_simulation       ;
; EDA_OUTPUT_DATA_FORMAT                     ; Vhdl                 ; --            ; --          ; eda_timing_analysis  ;
; EDA_SIMULATION_TOOL                        ; Active-HDL (Verilog) ; <None>        ; --          ; --                   ;
; EDA_TIME_SCALE                             ; 1 ps                 ; --            ; --          ; eda_simulation       ;
; EDA_TIMING_ANALYSIS_TOOL                   ; PrimeTime (VHDL)     ; <None>        ; --          ; --                   ;
+--------------------------------------------+----------------------+---------------+-------------+----------------------+


+-------------------------------------+
; Flow Elapsed Time                   ;
+----------------------+--------------+
; Module Name          ; Elapsed Time ;
+----------------------+--------------+
; Analysis & Synthesis ; 00:00:15     ;
; Fitter               ; 00:00:26     ;
; Assembler            ; 00:00:01     ;
; Timing Analyzer      ; 00:00:02     ;
; EDA Netlist Writer   ; 00:00:02     ;
; Total                ; 00:00:46     ;
+----------------------+--------------+


------------
; Flow Log ;
------------
quartus_map --read_settings_files=on --write_settings_files=off zi -c zi
quartus_fit --read_settings_files=off --write_settings_files=off zi -c zi
quartus_asm --read_settings_files=off --write_settings_files=off zi -c zi
quartus_tan --read_settings_files=off --write_settings_files=off zi -c zi
quartus_eda --read_settings_files=off --write_settings_files=off zi -c zi



