--------------------------------------------------------------------------------------
Timing Analyzer Summary
--------------------------------------------------------------------------------------

Type           : Worst-case tsu
Slack          : N/A
Required Time  : None
Actual Time    : 24.000 ns
From           : key2
To             : naozhong:nao|ee[2]
From Clock     : --
To Clock       : clk
Failed Paths   : 0

Type           : Worst-case tco
Slack          : N/A
Required Time  : None
Actual Time    : 15.400 ns
From           : print4:p4|row[2]~332
To             : row[4]
From Clock     : clk
To Clock       : --
Failed Paths   : 0

Type           : Worst-case th
Slack          : N/A
Required Time  : None
Actual Time    : -0.200 ns
From           : key1
To             : paobiao:pao|k1k
From Clock     : --
To Clock       : clk
Failed Paths   : 0

Type           : Clock Setup: 'clk'
Slack          : N/A
Required Time  : None
Actual Time    : 39.84 MHz ( period = 25.100 ns )
From           : naozhong:nao|ee[2]
To             : naozhong:nao|ee[2]
From Clock     : clk
To Clock       : clk
Failed Paths   : 0

Type           : Clock Hold: 'clk'
Slack          : Not operational: Clock Skew > Data Delay
Required Time  : None
Actual Time    : N/A
From           : jishi:ji|e[0]
To             : jishi:ji|ee[0]
From Clock     : clk
To Clock       : clk
Failed Paths   : 15

Type           : Total number of failed paths
Slack          : 
Required Time  : 
Actual Time    : 
From           : 
To             : 
From Clock     : 
To Clock       : 
Failed Paths   : 15

--------------------------------------------------------------------------------------

